../Core/Src/main.c:97:5:main	8	static
../Core/Src/main.c:190:6:SystemClock_Config	88	static
../Core/Src/main.c:237:13:MX_GPIO_Init	40	static
../Core/Src/main.c:273:6:AccessSharedData	8	static
../Core/Src/main.c:294:6:StartDefaultTask	16	static
../Core/Src/main.c:312:6:FlashGreenLedTask	16	static
../Core/Src/main.c:337:6:FlashRedLedTask	16	static
../Core/Src/main.c:362:6:FlashOrangeLedTask	16	static
../Core/Src/main.c:383:6:HAL_TIM_PeriodElapsedCallback	16	static
../Core/Src/main.c:400:6:Error_Handler	4	static,ignoring_inline_asm
